
M8071525@A2ML17707 MINGW64 /c/Users/m8071525/Desktop/Gittest/test (master)
$ git status
On branch master
Your branch is up to date with 'origin/master'.

Untracked files:
  (use "git add <file>..." to include in what will be committed)

        gittest1.txt

nothing added to commit but untracked files present (use "git add" to track)

M8071525@A2ML17707 MINGW64 /c/Users/m8071525/Desktop/Gittest/test (master)
$ git add .

M8071525@A2ML17707 MINGW64 /c/Users/m8071525/Desktop/Gittest/test (master)
$ gi -m "w/o firewall"
bash: gi: command not found

M8071525@A2ML17707 MINGW64 /c/Users/m8071525/Desktop/Gittest/test (master)
$ git commit -m "w/o firewall"
[master a1db2e0] w/o firewall
 Committer: Ravindra Balekai <M8071525@mindtree.com>
Your name and email address were configured automatically based
on your username and hostname. Please check that they are accurate.
You can suppress this message by setting them explicitly:

    git config --global user.name "Your Name"
    git config --global user.email you@example.com

After doing this, you may fix the identity used for this commit with:

    git commit --amend --reset-author

 1 file changed, 1 insertion(+)
 create mode 100644 gittest1.txt

M8071525@A2ML17707 MINGW64 /c/Users/m8071525/Desktop/Gittest/test (master)
$ git push origin master
Enumerating objects: 4, done.
Counting objects: 100% (4/4), done.
Delta compression using up to 4 threads
Compressing objects: 100% (2/2), done.
Writing objects: 100% (3/3), 362 bytes | 181.00 KiB/s, done.
Total 3 (delta 0), reused 0 (delta 0)
To https://github.com/rvbalekai/test.git
   8e35a6f..a1db2e0  master -> master

M8071525@A2ML17707 MINGW64 /c/Users/m8071525/Desktop/Gittest/test (master)
